192.168.23.125 - - [08/Jan/2015:00:01:43 -0800] "GET /ToasterWars/ProbRetreive?PID=245&_=1420704105912 HTTP/1.1" 200 184
192.168.23.125 - - [08/Jan/2015:00:01:44 -0800] "GET /ToasterWars/ProbRetreive?PID=245&_=1420704105913 HTTP/1.1" 200 184
192.168.23.125 - - [08/Jan/2015:00:01:44 -0800] "GET /ToasterWars/ProbRetreive?PID=245&_=1420704105914 HTTP/1.1" 200 184
192.168.23.125 - - [08/Jan/2015:00:01:45 -0800] "GET /ToasterWars/ProbRetreive?PID=245&_=1420704105915 HTTP/1.1" 200 184
192.168.23.125 - - [08/Jan/2015:00:01:59 -0800] "GET /ToasterWars/ProbRetreive?PID=245&_=1420704105916 HTTP/1.1" 200 184
192.168.23.125 - - [08/Jan/2015:00:02:08 -0800] "GET /ToasterWars/ProbRetreive?PID=245&_=1420704105917 HTTP/1.1" 200 184
192.168.23.125 - - [08/Jan/2015:00:02:09 -0800] "GET /ToasterWars/ProbRetreive?PID=245&_=1420704105918 HTTP/1.1" 200 184
192.168.23.125 - - [08/Jan/2015:00:02:11 -0800] "GET /ToasterWars/ProbRetreive?PID=245&_=1420704105919 HTTP/1.1" 200 184
192.168.23.125 - - [08/Jan/2015:00:02:11 -0800] "GET /ToasterWars/ProbRetreive?PID=245&_=1420704105920 HTTP/1.1" 200 184
192.168.23.125 - - [08/Jan/2015:00:02:12 -0800] "GET /ToasterWars/ProbRetreive?PID=245&_=1420704105921 HTTP/1.1" 200 184
192.168.23.125 - - [08/Jan/2015:00:10:49 -0800] "GET /ToasterWars/ProbRetreive?PID=245&_=1420704621024 HTTP/1.1" 200 184
192.168.23.191 - - [08/Jan/2015:23:04:13 -0800] "GET /ToasterWars/ProbRetreive?PID=245&_=1420787049900 HTTP/1.1" 200 12
192.168.23.191 - - [08/Jan/2015:23:04:13 -0800] "GET /favicon.ico HTTP/1.1" 200 21630
192.168.23.191 - - [08/Jan/2015:23:04:18 -0800] "GET /ToasterWars/ProbRetreive?PID=245&_=1420787062086 HTTP/1.1" 200 184
192.168.23.191 - - [08/Jan/2015:23:06:03 -0800] "GET /ToasterWars/ProbSubmit2?pid=245&key=FAT&UID=108&_=1420787062087 HTTP/1.1" 200 55
192.168.23.191 - - [08/Jan/2015:23:06:10 -0800] "GET /ToasterWars/ProbRetreive?PID=245&_=1420787062088 HTTP/1.1" 200 184
192.168.23.191 - - [08/Jan/2015:23:06:15 -0800] "GET /ToasterWars/ProbSubmit2?pid=245&key=FAT&UID=108&_=1420787062089 HTTP/1.1" 200 55
192.168.23.191 - - [08/Jan/2015:23:06:18 -0800] "GET /ToasterWars/ProbRetreive?PID=245&_=1420787062090 HTTP/1.1" 200 184
192.168.23.191 - - [08/Jan/2015:23:06:22 -0800] "GET /ToasterWars/ProbSubmit2?pid=245&key=FAT32&UID=108&_=1420787062091 HTTP/1.1" 200 82
192.168.23.191 - - [08/Jan/2015:23:06:27 -0800] "GET /ToasterWars/ProbSubmit2?pid=245&key=FAT&UID=108&_=1420787062092 HTTP/1.1" 200 55
192.168.23.191 - - [08/Jan/2015:23:06:39 -0800] "GET /ToasterWars/ProbRetreive?PID=246&_=1420787062093 HTTP/1.1" 200 216
192.168.23.191 - - [08/Jan/2015:23:06:48 -0800] "GET /ToasterWars/ProbSubmit2?pid=246&key=.zip&UID=108&_=1420787062094 HTTP/1.1" 200 82
192.168.23.191 - - [08/Jan/2015:23:06:52 -0800] "GET /ToasterWars/ProbSubmit2?pid=246&key=zip&UID=108&_=1420787062095 HTTP/1.1" 200 82
192.168.23.191 - - [08/Jan/2015:23:07:17 -0800] "GET /ToasterWars/ProbSubmit2?pid=246&key=Zip&UID=108&_=1420787062096 HTTP/1.1" 200 55
192.168.23.191 - - [08/Jan/2015:23:07:28 -0800] "GET /ToasterWars/ProbRetreive?PID=248&_=1420787062097 HTTP/1.1" 200 217
192.168.23.191 - - [08/Jan/2015:23:07:46 -0800] "GET /ToasterWars/ProbSubmit2?pid=248&key=Phishing&UID=108&_=1420787062098 HTTP/1.1" 200 55
192.168.23.191 - - [08/Jan/2015:23:10:09 -0800] "GET /ToasterWars/ProbRetreive?PID=251&_=1420787062099 HTTP/1.1" 200 199
192.168.23.191 - - [08/Jan/2015:23:11:27 -0800] "GET /ToasterWars/ProbSubmit2?pid=251&key=Yes&UID=108&_=1420787062100 HTTP/1.1" 200 55
192.168.23.191 - - [08/Jan/2015:23:11:41 -0800] "GET /ToasterWars/ProbRetreive?PID=251&_=1420787062101 HTTP/1.1" 200 199
192.168.23.191 - - [08/Jan/2015:23:11:55 -0800] "GET /ToasterWars/ProbSubmit2?pid=251&key=Yes&UID=108&_=1420787062102 HTTP/1.1" 200 55
192.168.23.191 - - [08/Jan/2015:23:12:24 -0800] "GET /ToasterWars/ProbRetreive?PID=247&_=1420787062103 HTTP/1.1" 200 182
192.168.23.191 - - [08/Jan/2015:23:12:31 -0800] "GET /ToasterWars/ProbSubmit2?pid=247&key=32&UID=108&_=1420787062104 HTTP/1.1" 200 82
192.168.23.191 - - [08/Jan/2015:23:12:46 -0800] "GET /ToasterWars/ProbSubmit2?pid=247&key=32-bit&UID=108&_=1420787062105 HTTP/1.1" 200 82
192.168.23.191 - - [08/Jan/2015:23:12:50 -0800] "GET /ToasterWars/ProbSubmit2?pid=247&key=64&UID=108&_=1420787062106 HTTP/1.1" 200 55
192.168.23.191 - - [08/Jan/2015:23:12:51 -0800] "GET /ToasterWars/ProbRetreive?PID=249&_=1420787062107 HTTP/1.1" 200 133
192.168.23.191 - - [08/Jan/2015:23:12:56 -0800] "GET /ToasterWars/ProbSubmit2?pid=249&key=5&UID=108&_=1420787062108 HTTP/1.1" 200 55
192.168.23.191 - - [08/Jan/2015:23:12:59 -0800] "GET /ToasterWars/ProbRetreive?PID=250&_=1420787062109 HTTP/1.1" 200 173
192.168.23.191 - - [08/Jan/2015:23:13:54 -0800] "GET /ToasterWars/ProbSubmit2?pid=250&key=ipconfig&UID=108&_=1420787062110 HTTP/1.1" 200 82
192.168.23.191 - - [08/Jan/2015:23:15:04 -0800] "GET /ToasterWars/ProbRetreive?PID=252&_=1420787062111 HTTP/1.1" 200 168
192.168.23.191 - - [08/Jan/2015:23:15:09 -0800] "GET /ToasterWars/ProbSubmit2?pid=252&key=Windows&UID=108&_=1420787062112 HTTP/1.1" 200 55
192.168.23.191 - - [08/Jan/2015:23:15:10 -0800] "GET /ToasterWars/ProbRetreive?PID=253&_=1420787062113 HTTP/1.1" 200 137
192.168.23.191 - - [08/Jan/2015:23:15:15 -0800] "GET /ToasterWars/ProbSubmit2?pid=253&key=Internet&UID=108&_=1420787062114 HTTP/1.1" 200 82
192.168.23.191 - - [08/Jan/2015:23:15:24 -0800] "GET /ToasterWars/ProbSubmit2?pid=253&key=browser&UID=108&_=1420787062115 HTTP/1.1" 200 82
192.168.23.191 - - [08/Jan/2015:23:15:30 -0800] "GET /ToasterWars/ProbSubmit2?pid=253&key=Browser&UID=108&_=1420787062116 HTTP/1.1" 200 55
192.168.23.191 - - [08/Jan/2015:23:15:32 -0800] "GET /ToasterWars/ProbRetreive?PID=254&_=1420787062117 HTTP/1.1" 200 174
192.168.23.191 - - [08/Jan/2015:23:15:37 -0800] "GET /ToasterWars/ProbSubmit2?pid=254&key=.exe&UID=108&_=1420787062118 HTTP/1.1" 200 82
192.168.23.191 - - [08/Jan/2015:23:15:40 -0800] "GET /ToasterWars/ProbSubmit2?pid=254&key=Exe&UID=108&_=1420787062119 HTTP/1.1" 200 82
192.168.23.191 - - [08/Jan/2015:23:15:43 -0800] "GET /ToasterWars/ProbSubmit2?pid=254&key=exe&UID=108&_=1420787062120 HTTP/1.1" 200 55
192.168.23.191 - - [08/Jan/2015:23:15:51 -0800] "GET /ToasterWars/ProbRetreive?PID=255&_=1420787062121 HTTP/1.1" 200 218
192.168.23.191 - - [08/Jan/2015:23:16:12 -0800] "GET /ToasterWars/ProbSubmit2?pid=255&key=Router&UID=108&_=1420787062122 HTTP/1.1" 200 55
192.168.23.191 - - [08/Jan/2015:23:16:13 -0800] "GET /ToasterWars/ProbRetreive?PID=256&_=1420787062123 HTTP/1.1" 200 154
192.168.23.191 - - [08/Jan/2015:23:16:29 -0800] "GET /ToasterWars/ProbSubmit2?pid=256&key=Injection&UID=108&_=1420787062124 HTTP/1.1" 200 55
192.168.23.191 - - [08/Jan/2015:23:16:32 -0800] "GET /ToasterWars/ProbRetreive?PID=250&_=1420787062125 HTTP/1.1" 200 173
192.168.23.191 - - [08/Jan/2015:23:16:37 -0800] "GET /ToasterWars/ProbRetreive?PID=250&_=1420787062126 HTTP/1.1" 200 173
192.168.23.191 - - [08/Jan/2015:23:16:49 -0800] "GET /ToasterWars/ProbSubmit2?pid=250&key=ipconfig&UID=108&_=1420787062127 HTTP/1.1" 200 82
192.168.23.191 - - [08/Jan/2015:23:16:55 -0800] "GET /ToasterWars/ProbSubmit2?pid=250&key=Ipconfig&UID=108&_=1420787062128 HTTP/1.1" 200 82
192.168.23.191 - - [08/Jan/2015:23:17:27 -0800] "GET /ToasterWars/ProbSubmit2?pid=250&key=ipconfig&UID=108&_=1420787062129 HTTP/1.1" 200 82
192.168.23.191 - - [08/Jan/2015:23:17:27 -0800] "GET /ToasterWars/ProbSubmit2?pid=250&key=ipconfig&UID=108&_=1420787062130 HTTP/1.1" 200 82
192.168.23.191 - - [08/Jan/2015:23:17:28 -0800] "GET /ToasterWars/ProbSubmit2?pid=250&key=ipconfig&UID=108&_=1420787062131 HTTP/1.1" 200 82
192.168.23.191 - - [08/Jan/2015:23:17:28 -0800] "GET /ToasterWars/ProbSubmit2?pid=250&key=ipconfig&UID=108&_=1420787062132 HTTP/1.1" 200 82
192.168.23.191 - - [08/Jan/2015:23:18:10 -0800] "GET /ToasterWars/ProbRetreive?PID=255&_=1420787062133 HTTP/1.1" 200 218
192.168.23.191 - - [08/Jan/2015:23:18:17 -0800] "GET /ToasterWars/ProbSubmit2?pid=255&key=router&UID=108&_=1420787062134 HTTP/1.1" 200 82
192.168.23.191 - - [08/Jan/2015:23:18:22 -0800] "GET /ToasterWars/ProbSubmit2?pid=255&key=Router&UID=108&_=1420787062135 HTTP/1.1" 200 55
192.168.23.191 - - [08/Jan/2015:23:18:26 -0800] "GET /ToasterWars/ProbRetreive?PID=255&_=1420787062136 HTTP/1.1" 200 218
192.168.23.191 - - [08/Jan/2015:23:18:39 -0800] "GET /ToasterWars/ProbRetreive?PID=250&_=1420787062137 HTTP/1.1" 200 173
192.168.23.191 - - [08/Jan/2015:23:18:46 -0800] "GET /ToasterWars/ProbSubmit2?pid=250&key=ping&UID=108&_=1420787062138 HTTP/1.1" 200 82
192.168.23.191 - - [08/Jan/2015:23:18:54 -0800] "GET /ToasterWars/ProbSubmit2?pid=250&key=Ping&UID=108&_=1420787062139 HTTP/1.1" 200 82
192.168.23.191 - - [08/Jan/2015:23:19:05 -0800] "GET /ToasterWars/ProbSubmit2?pid=250&key=ipconfig&UID=108&_=1420787062140 HTTP/1.1" 200 82
192.168.23.191 - - [08/Jan/2015:23:19:05 -0800] "GET /ToasterWars/ProbSubmit2?pid=250&key=ipconfig&UID=108&_=1420787062141 HTTP/1.1" 200 82
192.168.23.191 - - [08/Jan/2015:23:19:06 -0800] "GET /ToasterWars/ProbSubmit2?pid=250&key=ipconfig&UID=108&_=1420787062142 HTTP/1.1" 200 82
192.168.23.191 - - [08/Jan/2015:23:19:06 -0800] "GET /ToasterWars/ProbRetreive?PID=250&_=1420787062143 HTTP/1.1" 200 173
192.168.23.191 - - [08/Jan/2015:23:19:20 -0800] "GET /ToasterWars/ProbSubmit2?pid=250&key=ipconfig/all&UID=108&_=1420787062144 HTTP/1.1" 200 82
192.168.23.191 - - [08/Jan/2015:23:19:27 -0800] "GET /ToasterWars/ProbSubmit2?pid=250&key=ipconfig%20/%20all&UID=108&_=1420787062145 HTTP/1.1" 200 82
192.168.23.191 - - [08/Jan/2015:23:19:28 -0800] "GET /ToasterWars/ProbSubmit2?pid=250&key=ipconfig%20/%20all&UID=108&_=1420787062146 HTTP/1.1" 200 82
192.168.23.191 - - [08/Jan/2015:23:19:31 -0800] "GET /ToasterWars/ProbSubmit2?pid=250&key=ipconfig&UID=108&_=1420787062147 HTTP/1.1" 200 82
192.168.23.191 - - [08/Jan/2015:23:19:44 -0800] "GET /ToasterWars/ProbSubmit2?pid=250&key=ipconfig&UID=108&_=1420787062148 HTTP/1.1" 200 82
192.168.23.191 - - [08/Jan/2015:23:19:44 -0800] "GET /ToasterWars/ProbSubmit2?pid=250&key=ipconfig&UID=108&_=1420787062149 HTTP/1.1" 200 82
192.168.23.191 - - [08/Jan/2015:23:19:44 -0800] "GET /ToasterWars/ProbSubmit2?pid=250&key=ipconfig&UID=108&_=1420787062150 HTTP/1.1" 200 82
192.168.23.191 - - [08/Jan/2015:23:19:45 -0800] "GET /ToasterWars/ProbSubmit2?pid=250&key=ipconfig&UID=108&_=1420787062151 HTTP/1.1" 200 82
192.168.23.191 - - [08/Jan/2015:23:19:45 -0800] "GET /ToasterWars/ProbSubmit2?pid=250&key=ipconfig&UID=108&_=1420787062152 HTTP/1.1" 200 82
192.168.23.191 - - [08/Jan/2015:23:19:45 -0800] "GET /ToasterWars/ProbSubmit2?pid=250&key=ipconfig&UID=108&_=1420787062153 HTTP/1.1" 200 82
192.168.23.191 - - [08/Jan/2015:23:19:57 -0800] "GET /ToasterWars/ProbSubmit2?pid=250&key=IPCONFIG&UID=108&_=1420787062154 HTTP/1.1" 200 55
192.168.23.191 - - [08/Jan/2015:23:20:36 -0800] "GET /ToasterWars/ProbRetreive?PID=257&_=1420787062155 HTTP/1.1" 200 164
192.168.23.191 - - [08/Jan/2015:23:20:52 -0800] "GET /ToasterWars/ProbSubmit2?pid=257&key=Encryption&UID=108&_=1420787062156 HTTP/1.1" 200 55
192.168.23.191 - - [08/Jan/2015:23:21:11 -0800] "GET /ToasterWars/ProbRetreive?PID=259&_=1420787062157 HTTP/1.1" 200 165
192.168.23.191 - - [08/Jan/2015:23:21:18 -0800] "GET /ToasterWars/ProbSubmit2?pid=259&key=False&UID=108&_=1420787062158 HTTP/1.1" 200 55
192.168.23.191 - - [08/Jan/2015:23:21:32 -0800] "GET /ToasterWars/ProbRetreive?PID=258&_=1420787062159 HTTP/1.1" 200 247
192.168.23.191 - - [08/Jan/2015:23:21:51 -0800] "GET /ToasterWars/ProbSubmit2?pid=258&key=Hashing&UID=108&_=1420787062160 HTTP/1.1" 200 55
192.168.23.38 - - [08/Jan/2015:23:21:59 -0800] "GET /ToasterWars/ProbRetreive?PID=245&_=1420788112370 HTTP/1.1" 200 184
192.168.23.38 - - [08/Jan/2015:23:21:59 -0800] "GET /favicon.ico HTTP/1.1" 200 21630
192.168.23.38 - - [08/Jan/2015:23:22:03 -0800] "GET /ToasterWars/ProbRetreive?PID=245&_=1420788126456 HTTP/1.1" 200 184
192.168.23.191 - - [08/Jan/2015:23:22:15 -0800] "GET /ToasterWars/ProbRetreive?PID=260&_=1420787062161 HTTP/1.1" 200 188
192.168.23.38 - - [08/Jan/2015:23:22:19 -0800] "GET /ToasterWars/ProbSubmit2?pid=245&key=fat&UID=106&_=1420788126457 HTTP/1.1" 200 82
192.168.23.38 - - [08/Jan/2015:23:22:26 -0800] "GET /ToasterWars/ProbSubmit2?pid=245&key=Fat&UID=106&_=1420788126458 HTTP/1.1" 200 82
192.168.23.38 - - [08/Jan/2015:23:22:31 -0800] "GET /ToasterWars/ProbSubmit2?pid=245&key=FAT&UID=106&_=1420788126459 HTTP/1.1" 200 55
192.168.23.191 - - [08/Jan/2015:23:22:33 -0800] "GET /ToasterWars/ProbSubmit2?pid=260&key=Firewall&UID=108&_=1420787062162 HTTP/1.1" 200 55
192.168.23.191 - - [08/Jan/2015:23:22:35 -0800] "GET /ToasterWars/ProbRetreive?PID=261&_=1420787062163 HTTP/1.1" 200 181
192.168.23.191 - - [08/Jan/2015:23:22:48 -0800] "GET /ToasterWars/ProbSubmit2?pid=261&key=Attack%20at%20dawn&UID=108&_=1420787062164 HTTP/1.1" 200 55
192.168.23.191 - - [08/Jan/2015:23:22:49 -0800] "GET /ToasterWars/ProbRetreive?PID=262&_=1420787062165 HTTP/1.1" 200 121
192.168.23.38 - - [08/Jan/2015:23:22:52 -0800] "GET /ToasterWars/ProbRetreive?PID=245&_=1420788126460 HTTP/1.1" 200 184
192.168.23.38 - - [08/Jan/2015:23:23:04 -0800] "GET /ToasterWars/ProbRetreive?PID=249&_=1420788126461 HTTP/1.1" 200 133
192.168.23.38 - - [08/Jan/2015:23:23:09 -0800] "GET /ToasterWars/ProbSubmit2?pid=249&key=5&UID=106&_=1420788126462 HTTP/1.1" 200 55
192.168.23.191 - - [08/Jan/2015:23:23:14 -0800] "GET /ToasterWars/ProbSubmit2?pid=262&key=Data%20Encryption%20Standard&UID=108&_=1420787062166 HTTP/1.1" 200 55
192.168.23.191 - - [08/Jan/2015:23:23:34 -0800] "GET /ToasterWars/ProbRetreive?PID=262&_=1420787062167 HTTP/1.1" 200 121
192.168.23.38 - - [08/Jan/2015:23:23:35 -0800] "GET /ToasterWars/ProbRetreive?PID=248&_=1420788126463 HTTP/1.1" 200 217
192.168.23.38 - - [08/Jan/2015:23:23:55 -0800] "GET /ToasterWars/ProbRetreive?PID=246&_=1420788126464 HTTP/1.1" 200 216
192.168.23.38 - - [08/Jan/2015:23:24:04 -0800] "GET /ToasterWars/ProbSubmit2?pid=246&key=Zip&UID=106&_=1420788126465 HTTP/1.1" 200 55
192.168.23.38 - - [08/Jan/2015:23:24:18 -0800] "GET /ToasterWars/ProbRetreive?PID=247&_=1420788126466 HTTP/1.1" 200 182
192.168.23.38 - - [08/Jan/2015:23:24:22 -0800] "GET /ToasterWars/ProbSubmit2?pid=247&key=64&UID=106&_=1420788126467 HTTP/1.1" 200 55
192.168.23.38 - - [08/Jan/2015:23:24:24 -0800] "GET /ToasterWars/ProbRetreive?PID=248&_=1420788126468 HTTP/1.1" 200 217
192.168.23.191 - - [08/Jan/2015:23:24:35 -0800] "GET /ToasterWars/ProbRetreive?PID=517464b7054c91c14b000010&_=1420787062168 HTTP/1.1" 500 1806
192.168.23.191 - - [08/Jan/2015:23:24:45 -0800] "GET /ToasterWars/ProbRetreive?PID=51743245054c91c14b000005&_=1420787062169 HTTP/1.1" 500 1806
192.168.23.38 - - [08/Jan/2015:23:25:40 -0800] "GET /ToasterWars/ProbSubmit2?pid=248&key=fishing&UID=106&_=1420788126469 HTTP/1.1" 200 82
192.168.23.38 - - [08/Jan/2015:23:25:48 -0800] "GET /ToasterWars/ProbSubmit2?pid=248&key=Fishing&UID=106&_=1420788126470 HTTP/1.1" 200 82
192.168.23.38 - - [08/Jan/2015:23:25:55 -0800] "GET /ToasterWars/ProbSubmit2?pid=248&key=FISHING&UID=106&_=1420788126471 HTTP/1.1" 200 82
192.168.23.38 - - [08/Jan/2015:23:26:05 -0800] "GET /ToasterWars/ProbSubmit2?pid=248&key=fishing&UID=106&_=1420788126472 HTTP/1.1" 200 82
192.168.23.38 - - [08/Jan/2015:23:26:05 -0800] "GET /ToasterWars/ProbSubmit2?pid=248&key=fishing&UID=106&_=1420788126473 HTTP/1.1" 200 82
192.168.23.38 - - [08/Jan/2015:23:26:30 -0800] "GET /ToasterWars/ProbSubmit2?pid=248&key=fishing&UID=106&_=1420788126474 HTTP/1.1" 200 82
192.168.23.38 - - [08/Jan/2015:23:27:07 -0800] "GET /ToasterWars/ProbSubmit2?pid=248&key=phishing&UID=106&_=1420788126475 HTTP/1.1" 200 82
192.168.23.38 - - [08/Jan/2015:23:27:19 -0800] "GET /ToasterWars/ProbSubmit2?pid=248&key=Phishing&UID=106&_=1420788126476 HTTP/1.1" 200 55
192.168.23.38 - - [08/Jan/2015:23:27:21 -0800] "GET /ToasterWars/ProbRetreive?PID=250&_=1420788126477 HTTP/1.1" 200 173
192.168.23.38 - - [08/Jan/2015:23:27:31 -0800] "GET /ToasterWars/ProbSubmit2?pid=250&key=IPCONFIG&UID=106&_=1420788126478 HTTP/1.1" 200 55
192.168.23.38 - - [08/Jan/2015:23:27:32 -0800] "GET /ToasterWars/ProbRetreive?PID=251&_=1420788126479 HTTP/1.1" 200 199
192.168.23.38 - - [08/Jan/2015:23:27:40 -0800] "GET /ToasterWars/ProbSubmit2?pid=251&key=yes&UID=106&_=1420788126480 HTTP/1.1" 200 82
192.168.23.38 - - [08/Jan/2015:23:27:44 -0800] "GET /ToasterWars/ProbSubmit2?pid=251&key=Yes&UID=106&_=1420788126481 HTTP/1.1" 200 55
192.168.23.38 - - [08/Jan/2015:23:27:45 -0800] "GET /ToasterWars/ProbRetreive?PID=253&_=1420788126482 HTTP/1.1" 200 137
192.168.23.38 - - [08/Jan/2015:23:27:51 -0800] "GET /ToasterWars/ProbSubmit2?pid=253&key=Browser&UID=106&_=1420788126483 HTTP/1.1" 200 55
192.168.23.38 - - [08/Jan/2015:23:27:54 -0800] "GET /ToasterWars/ProbRetreive?PID=255&_=1420788126484 HTTP/1.1" 200 218
192.168.23.38 - - [08/Jan/2015:23:28:21 -0800] "GET /ToasterWars/ProbSubmit2?pid=255&key=Wireless&UID=106&_=1420788126485 HTTP/1.1" 200 82
192.168.23.38 - - [08/Jan/2015:23:28:27 -0800] "GET /ToasterWars/ProbSubmit2?pid=255&key=Router&UID=106&_=1420788126486 HTTP/1.1" 200 55
192.168.23.38 - - [08/Jan/2015:23:28:28 -0800] "GET /ToasterWars/ProbRetreive?PID=256&_=1420788126487 HTTP/1.1" 200 154
192.168.23.38 - - [08/Jan/2015:23:28:37 -0800] "GET /ToasterWars/ProbSubmit2?pid=256&key=Injection&UID=106&_=1420788126488 HTTP/1.1" 200 55
192.168.23.38 - - [08/Jan/2015:23:28:49 -0800] "GET /ToasterWars/ProbRetreive?PID=256&_=1420788126489 HTTP/1.1" 200 154
192.168.23.38 - - [08/Jan/2015:23:29:03 -0800] "GET /ToasterWars/ProbRetreive?PID=255&_=1420788126490 HTTP/1.1" 200 218
192.168.23.38 - - [08/Jan/2015:23:29:12 -0800] "GET /ToasterWars/ProbRetreive?PID=251&_=1420788126491 HTTP/1.1" 200 199
192.168.23.38 - - [08/Jan/2015:23:29:50 -0800] "GET /ToasterWars/ProbRetreive?PID=254&_=1420788126492 HTTP/1.1" 200 174
192.168.23.38 - - [08/Jan/2015:23:29:57 -0800] "GET /ToasterWars/ProbSubmit2?pid=254&key=Exe&UID=106&_=1420788126493 HTTP/1.1" 200 82
192.168.23.38 - - [08/Jan/2015:23:30:10 -0800] "GET /ToasterWars/ProbSubmit2?pid=254&key=exe&UID=106&_=1420788126494 HTTP/1.1" 200 55
192.168.23.129 - - [08/Jan/2015:23:30:40 -0800] "GET /ToasterWars/ProbRetreive?PID=245&_=1420788599003 HTTP/1.1" 200 184
192.168.23.129 - - [08/Jan/2015:23:30:54 -0800] "GET /ToasterWars/ProbRetreive?PID=245&_=1420788599004 HTTP/1.1" 200 184
192.168.23.38 - - [08/Jan/2015:23:30:56 -0800] "GET /ToasterWars/ProbRetreive?PID=257&_=1420788126495 HTTP/1.1" 200 164
192.168.23.129 - - [08/Jan/2015:23:31:01 -0800] "GET /ToasterWars/ProbSubmit2?pid=245&key=google&UID=129&_=1420788599005 HTTP/1.1" 200 82
192.168.23.129 - - [08/Jan/2015:23:31:13 -0800] "GET /ToasterWars/ProbRetreive?PID=245&_=1420788599006 HTTP/1.1" 200 184
192.168.23.129 - - [08/Jan/2015:23:31:18 -0800] "GET /ToasterWars/ProbRetreive?PID=245&_=1420788599007 HTTP/1.1" 200 184
192.168.23.38 - - [08/Jan/2015:23:31:27 -0800] "GET /ToasterWars/ProbSubmit2?pid=257&key=encryption&UID=106&_=1420788126496 HTTP/1.1" 200 82
192.168.23.38 - - [08/Jan/2015:23:31:33 -0800] "GET /ToasterWars/ProbSubmit2?pid=257&key=Encryption&UID=106&_=1420788126497 HTTP/1.1" 200 55
192.168.23.141 - - [08/Jan/2015:23:31:35 -0800] "GET /ToasterWars/ProbRetreive?PID=245&_=1420788690641 HTTP/1.1" 200 184
192.168.23.141 - - [08/Jan/2015:23:31:35 -0800] "GET /favicon.ico HTTP/1.1" 200 21630
192.168.23.141 - - [08/Jan/2015:23:31:39 -0800] "GET /ToasterWars/ProbRetreive?PID=245&_=1420788702564 HTTP/1.1" 200 184
192.168.23.141 - - [08/Jan/2015:23:32:00 -0800] "GET /ToasterWars/ProbRetreive?PID=245&_=1420788702565 HTTP/1.1" 200 184
192.168.23.154 - - [08/Jan/2015:23:32:01 -0800] "GET /ToasterWars/ProbRetreive?PID=245&_=1420788604141 HTTP/1.1" 200 184
192.168.23.154 - - [08/Jan/2015:23:32:01 -0800] "GET /favicon.ico HTTP/1.1" 200 21630
192.168.23.154 - - [08/Jan/2015:23:32:05 -0800] "GET /ToasterWars/ProbRetreive?PID=245&_=1420788728503 HTTP/1.1" 200 184
192.168.23.141 - - [08/Jan/2015:23:32:11 -0800] "GET /ToasterWars/ProbSubmit2?pid=245&key=google&UID=127&_=1420788702566 HTTP/1.1" 200 82
192.168.23.154 - - [08/Jan/2015:23:32:11 -0800] "GET /ToasterWars/ProbRetreive?PID=245&_=1420788728504 HTTP/1.1" 200 184
192.168.23.38 - - [08/Jan/2015:23:32:12 -0800] "GET /ToasterWars/ProbRetreive?PID=258&_=1420788126498 HTTP/1.1" 200 247
192.168.23.129 - - [08/Jan/2015:23:32:19 -0800] "GET /ToasterWars/ProbSubmit2?pid=245&key=LinuxFilesystems&UID=129&_=1420788599008 HTTP/1.1" 200 82
192.168.23.129 - - [08/Jan/2015:23:32:21 -0800] "GET /ToasterWars/ProbSubmit2?pid=245&key=LinuxFilesystems&UID=129&_=1420788599009 HTTP/1.1" 200 82
192.168.23.129 - - [08/Jan/2015:23:32:21 -0800] "GET /ToasterWars/ProbSubmit2?pid=245&key=LinuxFilesystems&UID=129&_=1420788599010 HTTP/1.1" 200 82
192.168.23.154 - - [08/Jan/2015:23:32:24 -0800] "GET /ToasterWars/ProbSubmit2?pid=245&key=google&UID=130&_=1420788728505 HTTP/1.1" 200 82
192.168.23.38 - - [08/Jan/2015:23:32:26 -0800] "GET /ToasterWars/ProbSubmit2?pid=258&key=hex&UID=106&_=1420788126499 HTTP/1.1" 200 82
192.168.23.141 - - [08/Jan/2015:23:32:30 -0800] "GET /ToasterWars/ProbSubmit2?pid=245&key=internet&UID=127&_=1420788702567 HTTP/1.1" 200 82
192.168.23.154 - - [08/Jan/2015:23:32:33 -0800] "GET /ToasterWars/ProbSubmit2?pid=245&key=yahoo&UID=130&_=1420788728506 HTTP/1.1" 200 82
192.168.23.125 - - [08/Jan/2015:23:32:34 -0800] "GET /ToasterWars/ProbRetreive?PID=245&_=1420788751550 HTTP/1.1" 200 184
192.168.23.125 - - [08/Jan/2015:23:32:41 -0800] "GET /ToasterWars/ProbRetreive?PID=245&_=1420788764856 HTTP/1.1" 200 184
192.168.23.38 - - [08/Jan/2015:23:32:47 -0800] "GET /ToasterWars/ProbSubmit2?pid=258&key=Hashing&UID=106&_=1420788126500 HTTP/1.1" 200 55
192.168.23.154 - - [08/Jan/2015:23:33:06 -0800] "GET /ToasterWars/ProbRetreive?PID=245&_=1420788728507 HTTP/1.1" 200 184
192.168.23.38 - - [08/Jan/2015:23:33:06 -0800] "GET /ToasterWars/ProbRetreive?PID=259&_=1420788126501 HTTP/1.1" 200 165
192.168.23.45 - - [08/Jan/2015:23:33:09 -0800] "GET /ToasterWars/ProbRetreive?PID=245&_=1420788767309 HTTP/1.1" 200 184
192.168.23.129 - - [08/Jan/2015:23:33:10 -0800] "GET /ToasterWars/ProbRetreive?PID=245&_=1420788599011 HTTP/1.1" 200 184
192.168.23.45 - - [08/Jan/2015:23:33:13 -0800] "GET /ToasterWars/ProbRetreive?PID=245&_=1420788767309 HTTP/1.1" 200 184
192.168.23.45 - - [08/Jan/2015:23:33:13 -0800] "GET /favicon.ico HTTP/1.1" 200 21630
192.168.23.154 - - [08/Jan/2015:23:33:13 -0800] "GET /ToasterWars/ProbSubmit2?pid=245&key=bing&UID=130&_=1420788728508 HTTP/1.1" 200 82
192.168.23.38 - - [08/Jan/2015:23:33:14 -0800] "GET /ToasterWars/ProbSubmit2?pid=259&key=true&UID=106&_=1420788126502 HTTP/1.1" 200 82
192.168.23.38 - - [08/Jan/2015:23:33:20 -0800] "GET /ToasterWars/ProbSubmit2?pid=259&key=True&UID=106&_=1420788126503 HTTP/1.1" 200 82
192.168.23.45 - - [08/Jan/2015:23:33:22 -0800] "GET /ToasterWars/ProbRetreive?PID=245&_=1420788767310 HTTP/1.1" 200 184
192.168.23.38 - - [08/Jan/2015:23:33:27 -0800] "GET /ToasterWars/ProbSubmit2?pid=259&key=False&UID=106&_=1420788126504 HTTP/1.1" 200 55
192.168.23.45 - - [08/Jan/2015:23:33:36 -0800] "GET /ToasterWars/ProbRetreive?PID=245&_=1420788817040 HTTP/1.1" 200 184
192.168.23.154 - - [08/Jan/2015:23:33:45 -0800] "GET /ToasterWars/ProbSubmit2?pid=245&key=lustre&UID=130&_=1420788728509 HTTP/1.1" 200 82
192.168.23.141 - - [08/Jan/2015:23:33:59 -0800] "GET /ToasterWars/ProbSubmit2?pid=245&key=windows&UID=127&_=1420788702568 HTTP/1.1" 200 82
192.168.23.154 - - [08/Jan/2015:23:34:02 -0800] "GET /ToasterWars/ProbSubmit2?pid=245&key=linux&UID=130&_=1420788728510 HTTP/1.1" 200 82
192.168.23.154 - - [08/Jan/2015:23:34:25 -0800] "GET /ToasterWars/ProbSubmit2?pid=245&key=javaworld&UID=130&_=1420788728511 HTTP/1.1" 200 82
192.168.23.141 - - [08/Jan/2015:23:34:32 -0800] "GET /ToasterWars/ProbRetreive?PID=245&_=1420788702569 HTTP/1.1" 200 184
192.168.23.141 - - [08/Jan/2015:23:34:35 -0800] "GET /ToasterWars/ProbRetreive?PID=245&_=1420788702570 HTTP/1.1" 200 184
192.168.23.129 - - [08/Jan/2015:23:34:37 -0800] "GET /ToasterWars/ProbSubmit2?pid=245&key=java&UID=129&_=1420788599012 HTTP/1.1" 200 82
192.168.23.129 - - [08/Jan/2015:23:34:37 -0800] "GET /ToasterWars/ProbSubmit2?pid=245&key=java&UID=129&_=1420788599013 HTTP/1.1" 200 82
192.168.23.129 - - [08/Jan/2015:23:34:50 -0800] "GET /ToasterWars/ProbSubmit2?pid=245&key=ablobe%20player&UID=129&_=1420788599014 HTTP/1.1" 200 82
192.168.23.154 - - [08/Jan/2015:23:34:50 -0800] "GET /ToasterWars/ProbSubmit2?pid=245&key=FAT&UID=130&_=1420788728512 HTTP/1.1" 200 55
192.168.23.141 - - [08/Jan/2015:23:34:59 -0800] "GET /ToasterWars/ProbSubmit2?pid=245&key=FAT&UID=127&_=1420788702571 HTTP/1.1" 200 55
192.168.23.129 - - [08/Jan/2015:23:35:00 -0800] "GET /ToasterWars/ProbSubmit2?pid=245&key=fat&UID=129&_=1420788599015 HTTP/1.1" 200 82
192.168.23.125 - - [08/Jan/2015:23:35:01 -0800] "GET /ToasterWars/ProbSubmit2?pid=245&key=fat&UID=135&_=1420788764857 HTTP/1.1" 200 82
192.168.23.45 - - [08/Jan/2015:23:35:03 -0800] "GET /ToasterWars/ProbSubmit2?pid=245&key=fat&UID=136&_=1420788817041 HTTP/1.1" 200 82
192.168.23.141 - - [08/Jan/2015:23:35:03 -0800] "GET /ToasterWars/ProbRetreive?PID=245&_=1420788702572 HTTP/1.1" 200 184
192.168.23.129 - - [08/Jan/2015:23:35:09 -0800] "GET /ToasterWars/ProbSubmit2?pid=245&key=FAT&UID=129&_=1420788599016 HTTP/1.1" 200 55
192.168.23.125 - - [08/Jan/2015:23:35:11 -0800] "GET /ToasterWars/ProbSubmit2?pid=245&key=FAT&UID=135&_=1420788764858 HTTP/1.1" 200 55
192.168.23.141 - - [08/Jan/2015:23:35:14 -0800] "GET /ToasterWars/ProbSubmit2?pid=245&key=FAT&UID=127&_=1420788702573 HTTP/1.1" 200 55
192.168.23.154 - - [08/Jan/2015:23:35:14 -0800] "GET /ToasterWars/ProbRetreive?PID=245&_=1420788728513 HTTP/1.1" 200 184
192.168.23.38 - - [08/Jan/2015:23:35:14 -0800] "GET /ToasterWars/ProbRetreive?PID=261&_=1420788126505 HTTP/1.1" 200 181
192.168.23.45 - - [08/Jan/2015:23:35:15 -0800] "GET /ToasterWars/ProbSubmit2?pid=245&key=Fat&UID=136&_=1420788817042 HTTP/1.1" 200 82
192.168.23.125 - - [08/Jan/2015:23:35:15 -0800] "GET /ToasterWars/ProbRetreive?PID=245&_=1420788764859 HTTP/1.1" 200 184
192.168.23.125 - - [08/Jan/2015:23:35:22 -0800] "GET /ToasterWars/ProbSubmit2?pid=245&key=FAT&UID=135&_=1420788764860 HTTP/1.1" 200 55
192.168.23.38 - - [08/Jan/2015:23:35:28 -0800] "GET /ToasterWars/ProbSubmit2?pid=261&key=attack%20at%20dawn&UID=106&_=1420788126506 HTTP/1.1" 200 82
192.168.23.45 - - [08/Jan/2015:23:35:28 -0800] "GET /ToasterWars/ProbSubmit2?pid=245&key=FAT&UID=136&_=1420788817043 HTTP/1.1" 200 55
192.168.23.154 - - [08/Jan/2015:23:35:28 -0800] "GET /ToasterWars/ProbRetreive?PID=245&_=1420788728514 HTTP/1.1" 200 184
192.168.23.129 - - [08/Jan/2015:23:35:29 -0800] "GET /ToasterWars/ProbRetreive?PID=249&_=1420788599017 HTTP/1.1" 200 133
192.168.23.141 - - [08/Jan/2015:23:35:33 -0800] "GET /ToasterWars/ProbRetreive?PID=245&_=1420788702574 HTTP/1.1" 200 184
192.168.23.38 - - [08/Jan/2015:23:35:33 -0800] "GET /ToasterWars/ProbSubmit2?pid=261&key=Attack%20at%20dawn&UID=106&_=1420788126507 HTTP/1.1" 200 55
192.168.23.154 - - [08/Jan/2015:23:35:38 -0800] "GET /ToasterWars/ProbSubmit2?pid=245&key=FAT&UID=130&_=1420788728515 HTTP/1.1" 200 55
192.168.23.125 - - [08/Jan/2015:23:35:40 -0800] "GET /ToasterWars/ProbRetreive?PID=245&_=1420788764861 HTTP/1.1" 200 184
192.168.23.125 - - [08/Jan/2015:23:35:46 -0800] "GET /ToasterWars/ProbSubmit2?pid=245&key=FAT&UID=135&_=1420788764862 HTTP/1.1" 200 55
192.168.23.154 - - [08/Jan/2015:23:36:02 -0800] "GET /ToasterWars/ProbRetreive?PID=246&_=1420788728516 HTTP/1.1" 200 216
192.168.23.141 - - [08/Jan/2015:23:36:04 -0800] "GET /ToasterWars/ProbRetreive?PID=248&_=1420788702575 HTTP/1.1" 200 217
192.168.23.141 - - [08/Jan/2015:23:36:21 -0800] "GET /ToasterWars/ProbRetreive?PID=248&_=1420788702576 HTTP/1.1" 200 217
192.168.23.125 - - [08/Jan/2015:23:36:24 -0800] "GET /ToasterWars/ProbRetreive?PID=248&_=1420788764863 HTTP/1.1" 200 217
192.168.23.141 - - [08/Jan/2015:23:36:25 -0800] "GET /ToasterWars/ProbRetreive?PID=248&_=1420788702577 HTTP/1.1" 200 217
192.168.23.154 - - [08/Jan/2015:23:36:28 -0800] "GET /ToasterWars/ProbSubmit2?pid=246&key=ZIP&UID=130&_=1420788728517 HTTP/1.1" 200 82
192.168.23.45 - - [08/Jan/2015:23:36:29 -0800] "GET /ToasterWars/ProbRetreive?PID=248&_=1420788817044 HTTP/1.1" 200 217
192.168.23.154 - - [08/Jan/2015:23:36:34 -0800] "GET /ToasterWars/ProbSubmit2?pid=246&key=Zip&UID=130&_=1420788728518 HTTP/1.1" 200 55
192.168.23.38 - - [08/Jan/2015:23:36:49 -0800] "GET /ToasterWars/ProbRetreive?PID=252&_=1420788126508 HTTP/1.1" 200 168
192.168.23.154 - - [08/Jan/2015:23:36:52 -0800] "GET /ToasterWars/ProbRetreive?PID=248&_=1420788728519 HTTP/1.1" 200 217
192.168.23.38 - - [08/Jan/2015:23:36:58 -0800] "GET /ToasterWars/ProbSubmit2?pid=252&key=Windows&UID=106&_=1420788126509 HTTP/1.1" 200 55
192.168.23.38 - - [08/Jan/2015:23:37:00 -0800] "GET /ToasterWars/ProbRetreive?PID=260&_=1420788126510 HTTP/1.1" 200 188
192.168.23.154 - - [08/Jan/2015:23:37:12 -0800] "GET /ToasterWars/ProbSubmit2?pid=248&key=phishing&UID=130&_=1420788728520 HTTP/1.1" 200 82
192.168.23.38 - - [08/Jan/2015:23:37:16 -0800] "GET /ToasterWars/ProbSubmit2?pid=260&key=Firewall&UID=106&_=1420788126511 HTTP/1.1" 200 55
192.168.23.154 - - [08/Jan/2015:23:37:17 -0800] "GET /ToasterWars/ProbSubmit2?pid=248&key=Phishing&UID=130&_=1420788728521 HTTP/1.1" 200 55
192.168.23.38 - - [08/Jan/2015:23:37:17 -0800] "GET /ToasterWars/ProbRetreive?PID=262&_=1420788126512 HTTP/1.1" 200 121
192.168.23.129 - - [08/Jan/2015:23:37:24 -0800] "GET /ToasterWars/ProbSubmit2?pid=249&key=%20CSS%20JavaScript%20DOM%20jQuery%20XML%20AJAX%20Angular%20ASP&UID=129&_=1420788599018 HTTP/1.1" 200 82
192.168.23.129 - - [08/Jan/2015:23:37:25 -0800] "GET /ToasterWars/ProbSubmit2?pid=249&key=%20CSS%20JavaScript%20DOM%20jQuery%20XML%20AJAX%20Angular%20ASP&UID=129&_=1420788599019 HTTP/1.1" 200 82
192.168.23.129 - - [08/Jan/2015:23:37:25 -0800] "GET /ToasterWars/ProbSubmit2?pid=249&key=%20CSS%20JavaScript%20DOM%20jQuery%20XML%20AJAX%20Angular%20ASP&UID=129&_=1420788599020 HTTP/1.1" 200 82
192.168.23.129 - - [08/Jan/2015:23:37:26 -0800] "GET /ToasterWars/ProbSubmit2?pid=249&key=%20CSS%20JavaScript%20DOM%20jQuery%20XML%20AJAX%20Angular%20ASP&UID=129&_=1420788599021 HTTP/1.1" 200 82
192.168.23.129 - - [08/Jan/2015:23:37:26 -0800] "GET /ToasterWars/ProbSubmit2?pid=249&key=%20CSS%20JavaScript%20DOM%20jQuery%20XML%20AJAX%20Angular%20ASP&UID=129&_=1420788599022 HTTP/1.1" 200 82
192.168.23.129 - - [08/Jan/2015:23:37:29 -0800] "GET /ToasterWars/ProbRetreive?PID=249&_=1420788599023 HTTP/1.1" 200 133
192.168.23.129 - - [08/Jan/2015:23:37:32 -0800] "GET /ToasterWars/ProbRetreive?PID=249&_=1420788599024 HTTP/1.1" 200 133
192.168.23.38 - - [08/Jan/2015:23:37:37 -0800] "GET /ToasterWars/ProbSubmit2?pid=262&key=Data%20Encryption%20%20System&UID=106&_=1420788126513 HTTP/1.1" 200 82
192.168.23.141 - - [08/Jan/2015:23:37:38 -0800] "GET /ToasterWars/ProbSubmit2?pid=248&key=Phishing&UID=127&_=1420788702578 HTTP/1.1" 200 55
192.168.23.38 - - [08/Jan/2015:23:37:41 -0800] "GET /ToasterWars/ProbSubmit2?pid=262&key=Data%20Encryption%20System&UID=106&_=1420788126514 HTTP/1.1" 200 82
192.168.23.125 - - [08/Jan/2015:23:37:49 -0800] "GET /ToasterWars/ProbSubmit2?pid=248&key=apple&UID=135&_=1420788764864 HTTP/1.1" 200 82
192.168.23.141 - - [08/Jan/2015:23:37:50 -0800] "GET /ToasterWars/ProbRetreive?PID=249&_=1420788702579 HTTP/1.1" 200 133
192.168.23.38 - - [08/Jan/2015:23:37:50 -0800] "GET /ToasterWars/ProbSubmit2?pid=262&key=Data%20Encryption%20Standard&UID=106&_=1420788126515 HTTP/1.1" 200 55
192.168.23.38 - - [08/Jan/2015:23:37:58 -0800] "GET /ToasterWars/ProbRetreive?PID=51744c0e054c91c14b00000d&_=1420788126516 HTTP/1.1" 500 1806
192.168.23.38 - - [08/Jan/2015:23:38:09 -0800] "GET /ToasterWars/ProbRetreive?PID=5175a89b56dce84c7d000006&_=1420788126517 HTTP/1.1" 500 1806
192.168.23.125 - - [08/Jan/2015:23:38:14 -0800] "GET /ToasterWars/ProbSubmit2?pid=248&key=%20Computer&UID=135&_=1420788764865 HTTP/1.1" 200 82
192.168.23.154 - - [08/Jan/2015:23:38:30 -0800] "GET /ToasterWars/ProbRetreive?PID=247&_=1420788728522 HTTP/1.1" 200 182
192.168.23.129 - - [08/Jan/2015:23:38:35 -0800] "GET /ToasterWars/ProbSubmit2?pid=249&key=ll&UID=129&_=1420788599025 HTTP/1.1" 200 82
192.168.23.129 - - [08/Jan/2015:23:38:36 -0800] "GET /ToasterWars/ProbSubmit2?pid=249&key=ll&UID=129&_=1420788599026 HTTP/1.1" 200 82
192.168.23.141 - - [08/Jan/2015:23:38:41 -0800] "GET /ToasterWars/ProbSubmit2?pid=249&key=5&UID=127&_=1420788702580 HTTP/1.1" 200 55
192.168.23.154 - - [08/Jan/2015:23:38:47 -0800] "GET /ToasterWars/ProbSubmit2?pid=247&key=32&UID=130&_=1420788728523 HTTP/1.1" 200 82
192.168.23.38 - - [08/Jan/2015:23:38:49 -0800] "GET /ToasterWars/ProbRetreive?PID=263&_=1420788126518 HTTP/1.1" 200 120
192.168.23.154 - - [08/Jan/2015:23:38:55 -0800] "GET /ToasterWars/ProbSubmit2?pid=247&key=64&UID=130&_=1420788728524 HTTP/1.1" 200 55
192.168.23.125 - - [08/Jan/2015:23:38:57 -0800] "GET /ToasterWars/ProbRetreive?PID=248&_=1420788764866 HTTP/1.1" 200 217
192.168.23.125 - - [08/Jan/2015:23:39:01 -0800] "GET /ToasterWars/ProbRetreive?PID=248&_=1420788764867 HTTP/1.1" 200 217
192.168.23.154 - - [08/Jan/2015:23:39:04 -0800] "GET /ToasterWars/ProbRetreive?PID=249&_=1420788728525 HTTP/1.1" 200 133
192.168.23.129 - - [08/Jan/2015:23:39:07 -0800] "GET /ToasterWars/ProbSubmit2?pid=249&key=css&UID=129&_=1420788599027 HTTP/1.1" 200 82
192.168.23.125 - - [08/Jan/2015:23:39:14 -0800] "GET /ToasterWars/ProbSubmit2?pid=248&key=computer&UID=135&_=1420788764868 HTTP/1.1" 200 82
192.168.23.45 - - [08/Jan/2015:23:39:21 -0800] "GET /ToasterWars/ProbRetreive?PID=248&_=1420788817045 HTTP/1.1" 200 217
192.168.23.129 - - [08/Jan/2015:23:39:24 -0800] "GET /ToasterWars/ProbSubmit2?pid=249&key=JavaScript%20&UID=129&_=1420788599028 HTTP/1.1" 200 82
192.168.23.154 - - [08/Jan/2015:23:39:25 -0800] "GET /ToasterWars/ProbSubmit2?pid=249&key=5&UID=130&_=1420788728526 HTTP/1.1" 200 55
192.168.23.45 - - [08/Jan/2015:23:39:25 -0800] "GET /ToasterWars/ProbRetreive?PID=248&_=1420788817046 HTTP/1.1" 200 217
192.168.23.129 - - [08/Jan/2015:23:39:35 -0800] "GET /ToasterWars/ProbSubmit2?pid=249&key=5&UID=129&_=1420788599029 HTTP/1.1" 200 55
192.168.23.38 - - [08/Jan/2015:23:39:37 -0800] "GET /ToasterWars/ProbSubmit2?pid=263&key=Applied%20Energy%20Services&UID=106&_=1420788126519 HTTP/1.1" 200 82
192.168.23.129 - - [08/Jan/2015:23:39:51 -0800] "GET /ToasterWars/ProbRetreive?PID=248&_=1420788599030 HTTP/1.1" 200 217
192.168.23.45 - - [08/Jan/2015:23:39:51 -0800] "GET /ToasterWars/ProbSubmit2?pid=248&key=Phising&UID=136&_=1420788817047 HTTP/1.1" 200 82
192.168.23.125 - - [08/Jan/2015:23:39:52 -0800] "GET /ToasterWars/ProbSubmit2?pid=248&key=phishing%20&UID=135&_=1420788764869 HTTP/1.1" 200 82
192.168.23.141 - - [08/Jan/2015:23:40:01 -0800] "GET /ToasterWars/ProbRetreive?PID=246&_=1420788702581 HTTP/1.1" 200 216
192.168.23.45 - - [08/Jan/2015:23:40:03 -0800] "GET /ToasterWars/ProbSubmit2?pid=248&key=PHISING&UID=136&_=1420788817048 HTTP/1.1" 200 82
192.168.23.129 - - [08/Jan/2015:23:40:04 -0800] "GET /ToasterWars/ProbSubmit2?pid=248&key=phishing&UID=129&_=1420788599031 HTTP/1.1" 200 82
192.168.23.129 - - [08/Jan/2015:23:40:11 -0800] "GET /ToasterWars/ProbSubmit2?pid=248&key=phishing&UID=129&_=1420788599032 HTTP/1.1" 200 82
192.168.23.125 - - [08/Jan/2015:23:40:13 -0800] "GET /ToasterWars/ProbSubmit2?pid=248&key=%20phish&UID=135&_=1420788764870 HTTP/1.1" 200 82
192.168.23.38 - - [08/Jan/2015:23:40:22 -0800] "GET /ToasterWars/ProbSubmit2?pid=263&key=Advanced%20Encryption%20Standard&UID=106&_=1420788126520 HTTP/1.1" 200 55
192.168.23.38 - - [08/Jan/2015:23:40:25 -0800] "GET /ToasterWars/ProbRetreive?PID=264&_=1420788126521 HTTP/1.1" 200 141
192.168.23.129 - - [08/Jan/2015:23:40:28 -0800] "GET /ToasterWars/ProbSubmit2?pid=248&key=Phishing&UID=129&_=1420788599033 HTTP/1.1" 200 55
192.168.23.141 - - [08/Jan/2015:23:40:36 -0800] "GET /ToasterWars/ProbSubmit2?pid=246&key=file%20format&UID=127&_=1420788702582 HTTP/1.1" 200 82
192.168.23.45 - - [08/Jan/2015:23:40:44 -0800] "GET /ToasterWars/ProbSubmit2?pid=248&key=PHISHING&UID=136&_=1420788817049 HTTP/1.1" 200 82
192.168.23.141 - - [08/Jan/2015:23:40:45 -0800] "GET /ToasterWars/ProbSubmit2?pid=246&key=Zip&UID=127&_=1420788702583 HTTP/1.1" 200 55
192.168.23.38 - - [08/Jan/2015:23:40:46 -0800] "GET /ToasterWars/ProbSubmit2?pid=264&key=128&UID=106&_=1420788126522 HTTP/1.1" 200 82
192.168.23.38 - - [08/Jan/2015:23:40:51 -0800] "GET /ToasterWars/ProbSubmit2?pid=264&key=128%20bits&UID=106&_=1420788126523 HTTP/1.1" 200 82
192.168.23.154 - - [08/Jan/2015:23:40:54 -0800] "GET /ToasterWars/ProbRetreive?PID=255&_=1420788728527 HTTP/1.1" 200 218
192.168.23.45 - - [08/Jan/2015:23:41:01 -0800] "GET /ToasterWars/ProbSubmit2?pid=248&key=phishing&UID=136&_=1420788817050 HTTP/1.1" 200 82
192.168.23.125 - - [08/Jan/2015:23:41:05 -0800] "GET /ToasterWars/ProbSubmit2?pid=248&key=Phishing&UID=135&_=1420788764871 HTTP/1.1" 200 55
192.168.23.45 - - [08/Jan/2015:23:41:08 -0800] "GET /ToasterWars/ProbSubmit2?pid=248&key=Phishing&UID=136&_=1420788817051 HTTP/1.1" 200 55
192.168.23.38 - - [08/Jan/2015:23:41:08 -0800] "GET /ToasterWars/ProbSubmit2?pid=264&key=56%20bits&UID=106&_=1420788126524 HTTP/1.1" 200 82
192.168.23.38 - - [08/Jan/2015:23:41:12 -0800] "GET /ToasterWars/ProbSubmit2?pid=264&key=56&UID=106&_=1420788126525 HTTP/1.1" 200 55
192.168.23.141 - - [08/Jan/2015:23:41:13 -0800] "GET /ToasterWars/ProbRetreive?PID=247&_=1420788702584 HTTP/1.1" 200 182
192.168.23.38 - - [08/Jan/2015:23:41:15 -0800] "GET /ToasterWars/ProbRetreive?PID=516af3b22f0686520c00001a&_=1420788126526 HTTP/1.1" 500 1806
192.168.23.154 - - [08/Jan/2015:23:41:22 -0800] "GET /ToasterWars/ProbSubmit2?pid=255&key=Chromecast&UID=130&_=1420788728528 HTTP/1.1" 200 82
192.168.23.125 - - [08/Jan/2015:23:41:27 -0800] "GET /ToasterWars/ProbRetreive?PID=246&_=1420788764872 HTTP/1.1" 200 216
192.168.23.45 - - [08/Jan/2015:23:41:31 -0800] "GET /ToasterWars/ProbRetreive?PID=246&_=1420788817052 HTTP/1.1" 200 216
192.168.23.38 - - [08/Jan/2015:23:41:34 -0800] "GET /ToasterWars/ProbRetreive?PID=516af3b22f0686520c00001a&_=1420788126527 HTTP/1.1" 500 1806
192.168.23.129 - - [08/Jan/2015:23:41:37 -0800] "GET /ToasterWars/ProbRetreive?PID=246&_=1420788599034 HTTP/1.1" 200 216
192.168.23.141 - - [08/Jan/2015:23:41:42 -0800] "GET /ToasterWars/ProbSubmit2?pid=247&key=32&UID=127&_=1420788702585 HTTP/1.1" 200 82
192.168.23.141 - - [08/Jan/2015:23:42:07 -0800] "GET /ToasterWars/ProbSubmit2?pid=247&key=64&UID=127&_=1420788702586 HTTP/1.1" 200 55
192.168.23.125 - - [08/Jan/2015:23:42:08 -0800] "GET /ToasterWars/ProbSubmit2?pid=246&key=Zip&UID=135&_=1420788764873 HTTP/1.1" 200 55
192.168.23.45 - - [08/Jan/2015:23:42:11 -0800] "GET /ToasterWars/ProbSubmit2?pid=246&key=file%20format&UID=136&_=1420788817053 HTTP/1.1" 200 82
192.168.23.154 - - [08/Jan/2015:23:42:13 -0800] "GET /ToasterWars/ProbSubmit2?pid=255&key=Xfinity&UID=130&_=1420788728529 HTTP/1.1" 200 82
192.168.23.154 - - [08/Jan/2015:23:42:17 -0800] "GET /ToasterWars/ProbSubmit2?pid=255&key=Xfinity%20wifi&UID=130&_=1420788728530 HTTP/1.1" 200 82
192.168.23.45 - - [08/Jan/2015:23:42:19 -0800] "GET /ToasterWars/ProbSubmit2?pid=246&key=zip&UID=136&_=1420788817054 HTTP/1.1" 200 82
192.168.23.45 - - [08/Jan/2015:23:42:20 -0800] "GET /ToasterWars/ProbSubmit2?pid=246&key=zip&UID=136&_=1420788817055 HTTP/1.1" 200 82
192.168.23.38 - - [08/Jan/2015:23:42:22 -0800] "GET /ToasterWars/ProbRetreive?PID=516ae36c2f0686520c000017&_=1420788126528 HTTP/1.1" 500 1806
192.168.23.45 - - [08/Jan/2015:23:42:25 -0800] "GET /ToasterWars/ProbSubmit2?pid=246&key=Zip&UID=136&_=1420788817056 HTTP/1.1" 200 55
192.168.23.125 - - [08/Jan/2015:23:42:27 -0800] "GET /ToasterWars/ProbRetreive?PID=246&_=1420788764874 HTTP/1.1" 200 216
192.168.23.125 - - [08/Jan/2015:23:42:34 -0800] "GET /ToasterWars/ProbSubmit2?pid=246&key=Zip&UID=135&_=1420788764875 HTTP/1.1" 200 55
192.168.23.154 - - [08/Jan/2015:23:42:37 -0800] "GET /ToasterWars/ProbSubmit2?pid=255&key=Hotspot&UID=130&_=1420788728531 HTTP/1.1" 200 82
192.168.23.38 - - [08/Jan/2015:23:42:38 -0800] "GET /ToasterWars/ProbRetreive?PID=5174275e054c91c14b000003&_=1420788126529 HTTP/1.1" 500 1806
192.168.23.38 - - [08/Jan/2015:23:42:44 -0800] "GET /ToasterWars/ProbRetreive?PID=516af3b22f0686520c00001a&_=1420788126530 HTTP/1.1" 500 1806
192.168.23.125 - - [08/Jan/2015:23:42:46 -0800] "GET /ToasterWars/ProbRetreive?PID=246&_=1420788764876 HTTP/1.1" 200 216
192.168.23.38 - - [08/Jan/2015:23:42:47 -0800] "GET /ToasterWars/ProbRetreive?PID=516adba52f0686520c000015&_=1420788126531 HTTP/1.1" 500 1806
192.168.23.125 - - [08/Jan/2015:23:42:51 -0800] "GET /ToasterWars/ProbSubmit2?pid=246&key=Zip&UID=135&_=1420788764877 HTTP/1.1" 200 55
192.168.23.129 - - [08/Jan/2015:23:42:52 -0800] "GET /ToasterWars/ProbSubmit2?pid=246&key=Unix%20command&UID=129&_=1420788599035 HTTP/1.1" 200 82
192.168.23.45 - - [08/Jan/2015:23:42:52 -0800] "GET /ToasterWars/ProbRetreive?PID=247&_=1420788817057 HTTP/1.1" 200 182
192.168.23.154 - - [08/Jan/2015:23:42:54 -0800] "GET /ToasterWars/ProbSubmit2?pid=255&key=Yalesecure&UID=130&_=1420788728532 HTTP/1.1" 200 82
192.168.23.154 - - [08/Jan/2015:23:42:59 -0800] "GET /ToasterWars/ProbSubmit2?pid=255&key=Yalesecure%20wifi&UID=130&_=1420788728533 HTTP/1.1" 200 82
192.168.23.129 - - [08/Jan/2015:23:43:08 -0800] "GET /ToasterWars/ProbSubmit2?pid=246&key=Zip&UID=129&_=1420788599036 HTTP/1.1" 200 55
192.168.23.154 - - [08/Jan/2015:23:43:17 -0800] "GET /ToasterWars/ProbSubmit2?pid=255&key=NetID&UID=130&_=1420788728534 HTTP/1.1" 200 82
192.168.23.125 - - [08/Jan/2015:23:43:22 -0800] "GET /ToasterWars/ProbRetreive?PID=246&_=1420788764878 HTTP/1.1" 200 216
192.168.23.154 - - [08/Jan/2015:23:43:27 -0800] "GET /ToasterWars/ProbSubmit2?pid=255&key=Valid%20NetID&UID=130&_=1420788728535 HTTP/1.1" 200 82
192.168.23.125 - - [08/Jan/2015:23:43:30 -0800] "GET /ToasterWars/ProbSubmit2?pid=246&key=Zip&UID=135&_=1420788764879 HTTP/1.1" 200 55
192.168.23.141 - - [08/Jan/2015:23:43:35 -0800] "GET /ToasterWars/ProbRetreive?PID=250&_=1420788702587 HTTP/1.1" 200 173
192.168.23.154 - - [08/Jan/2015:23:43:39 -0800] "GET /ToasterWars/ProbSubmit2?pid=255&key=SMTP&UID=130&_=1420788728536 HTTP/1.1" 200 82
192.168.23.154 - - [08/Jan/2015:23:43:41 -0800] "GET /ToasterWars/ProbRetreive?PID=255&_=1420788728537 HTTP/1.1" 200 218
192.168.23.154 - - [08/Jan/2015:23:43:43 -0800] "GET /ToasterWars/ProbRetreive?PID=255&_=1420788728538 HTTP/1.1" 200 218
192.168.23.125 - - [08/Jan/2015:23:43:49 -0800] "GET /ToasterWars/ProbRetreive?PID=247&_=1420788764880 HTTP/1.1" 200 182
192.168.23.45 - - [08/Jan/2015:23:43:49 -0800] "GET /ToasterWars/ProbSubmit2?pid=247&key=32-bit%20and%2064-bit&UID=136&_=1420788817058 HTTP/1.1" 200 82
192.168.23.45 - - [08/Jan/2015:23:44:01 -0800] "GET /ToasterWars/ProbSubmit2?pid=247&key=2&UID=136&_=1420788817059 HTTP/1.1" 200 82
192.168.23.45 - - [08/Jan/2015:23:44:03 -0800] "GET /ToasterWars/ProbSubmit2?pid=247&key=2&UID=136&_=1420788817060 HTTP/1.1" 200 82
192.168.23.154 - - [08/Jan/2015:23:44:03 -0800] "GET /ToasterWars/ProbSubmit2?pid=255&key=Yale%20ITS&UID=130&_=1420788728539 HTTP/1.1" 200 82
192.168.23.45 - - [08/Jan/2015:23:44:08 -0800] "GET /ToasterWars/ProbSubmit2?pid=247&key=two&UID=136&_=1420788817061 HTTP/1.1" 200 82
192.168.23.129 - - [08/Jan/2015:23:44:23 -0800] "GET /ToasterWars/ProbRetreive?PID=250&_=1420788599037 HTTP/1.1" 200 173
192.168.23.45 - - [08/Jan/2015:23:44:23 -0800] "GET /ToasterWars/ProbSubmit2?pid=247&key=32&UID=136&_=1420788817062 HTTP/1.1" 200 82
192.168.23.45 - - [08/Jan/2015:23:44:28 -0800] "GET /ToasterWars/ProbSubmit2?pid=247&key=32%20bits&UID=136&_=1420788817063 HTTP/1.1" 200 82
192.168.23.125 - - [08/Jan/2015:23:44:34 -0800] "GET /ToasterWars/ProbSubmit2?pid=247&key=32-bits&UID=135&_=1420788764881 HTTP/1.1" 200 82
192.168.23.125 - - [08/Jan/2015:23:44:42 -0800] "GET /ToasterWars/ProbSubmit2?pid=247&key=32&UID=135&_=1420788764882 HTTP/1.1" 200 82
192.168.23.154 - - [08/Jan/2015:23:44:43 -0800] "GET /ToasterWars/ProbSubmit2?pid=255&key=2.4%20GHz&UID=130&_=1420788728540 HTTP/1.1" 200 82
192.168.23.45 - - [08/Jan/2015:23:44:47 -0800] "GET /ToasterWars/ProbSubmit2?pid=247&key=32%20and%2064%20bits&UID=136&_=1420788817064 HTTP/1.1" 200 82
192.168.23.125 - - [08/Jan/2015:23:44:47 -0800] "GET /ToasterWars/ProbSubmit2?pid=247&key=64&UID=135&_=1420788764883 HTTP/1.1" 200 55
192.168.23.45 - - [08/Jan/2015:23:44:55 -0800] "GET /ToasterWars/ProbSubmit2?pid=247&key=64%20bits&UID=136&_=1420788817065 HTTP/1.1" 200 82
192.168.23.154 - - [08/Jan/2015:23:44:55 -0800] "GET /ToasterWars/ProbSubmit2?pid=255&key=2.4%20GHz%20wifi&UID=130&_=1420788728541 HTTP/1.1" 200 82
192.168.23.154 - - [08/Jan/2015:23:44:56 -0800] "GET /ToasterWars/ProbSubmit2?pid=255&key=2.4%20GHz%20wifi&UID=130&_=1420788728542 HTTP/1.1" 200 82
192.168.23.45 - - [08/Jan/2015:23:44:57 -0800] "GET /ToasterWars/ProbSubmit2?pid=247&key=64%20bits&UID=136&_=1420788817066 HTTP/1.1" 200 82
192.168.23.154 - - [08/Jan/2015:23:44:57 -0800] "GET /ToasterWars/ProbRetreive?PID=255&_=1420788728543 HTTP/1.1" 200 218
192.168.23.154 - - [08/Jan/2015:23:44:58 -0800] "GET /ToasterWars/ProbRetreive?PID=255&_=1420788728544 HTTP/1.1" 200 218
192.168.23.45 - - [08/Jan/2015:23:45:08 -0800] "GET /ToasterWars/ProbSubmit2?pid=247&key=64-bits&UID=136&_=1420788817067 HTTP/1.1" 200 82
192.168.23.154 - - [08/Jan/2015:23:45:09 -0800] "GET /ToasterWars/ProbSubmit2?pid=255&key=Mit&UID=130&_=1420788728545 HTTP/1.1" 200 82
192.168.23.45 - - [08/Jan/2015:23:45:09 -0800] "GET /ToasterWars/ProbSubmit2?pid=247&key=64-bits&UID=136&_=1420788817068 HTTP/1.1" 200 82
192.168.23.125 - - [08/Jan/2015:23:45:11 -0800] "GET /ToasterWars/ProbRetreive?PID=249&_=1420788764884 HTTP/1.1" 200 133
192.168.23.154 - - [08/Jan/2015:23:45:19 -0800] "GET /ToasterWars/ProbRetreive?PID=256&_=1420788728546 HTTP/1.1" 200 154
192.168.23.45 - - [08/Jan/2015:23:45:21 -0800] "GET /ToasterWars/ProbSubmit2?pid=247&key=64&UID=136&_=1420788817069 HTTP/1.1" 200 55
192.168.23.125 - - [08/Jan/2015:23:45:30 -0800] "GET /ToasterWars/ProbSubmit2?pid=249&key=5&UID=135&_=1420788764885 HTTP/1.1" 200 55
192.168.23.45 - - [08/Jan/2015:23:45:35 -0800] "GET /ToasterWars/ProbRetreive?PID=246&_=1420788817070 HTTP/1.1" 200 216
192.168.23.141 - - [08/Jan/2015:23:45:36 -0800] "GET /ToasterWars/ProbRetreive?PID=251&_=1420788702588 HTTP/1.1" 200 199
192.168.23.125 - - [08/Jan/2015:23:45:41 -0800] "GET /ToasterWars/ProbRetreive?PID=249&_=1420788764886 HTTP/1.1" 200 133
192.168.23.154 - - [08/Jan/2015:23:45:41 -0800] "GET /ToasterWars/ProbSubmit2?pid=256&key=injection&UID=130&_=1420788728547 HTTP/1.1" 200 82
192.168.23.125 - - [08/Jan/2015:23:45:45 -0800] "GET /ToasterWars/ProbSubmit2?pid=249&key=5&UID=135&_=1420788764887 HTTP/1.1" 200 55
192.168.23.154 - - [08/Jan/2015:23:45:47 -0800] "GET /ToasterWars/ProbSubmit2?pid=256&key=Injection&UID=130&_=1420788728548 HTTP/1.1" 200 55
192.168.23.45 - - [08/Jan/2015:23:45:52 -0800] "GET /ToasterWars/ProbRetreive?PID=249&_=1420788817071 HTTP/1.1" 200 133
192.168.23.129 - - [08/Jan/2015:23:45:58 -0800] "GET /ToasterWars/ProbSubmit2?pid=250&key=Command%20prompt&UID=129&_=1420788599038 HTTP/1.1" 200 82
192.168.23.154 - - [08/Jan/2015:23:46:06 -0800] "GET /ToasterWars/ProbRetreive?PID=251&_=1420788728549 HTTP/1.1" 200 199
192.168.23.45 - - [08/Jan/2015:23:46:15 -0800] "GET /ToasterWars/ProbSubmit2?pid=249&key=5&UID=136&_=1420788817072 HTTP/1.1" 200 55
192.168.23.154 - - [08/Jan/2015:23:46:15 -0800] "GET /ToasterWars/ProbSubmit2?pid=251&key=Yes&UID=130&_=1420788728550 HTTP/1.1" 200 55
192.168.23.129 - - [08/Jan/2015:23:46:17 -0800] "GET /ToasterWars/ProbSubmit2?pid=250&key=CMD%20&UID=129&_=1420788599039 HTTP/1.1" 200 82
192.168.23.141 - - [08/Jan/2015:23:46:26 -0800] "GET /ToasterWars/ProbSubmit2?pid=251&key=yes&UID=127&_=1420788702589 HTTP/1.1" 200 82
192.168.23.154 - - [08/Jan/2015:23:46:31 -0800] "GET /ToasterWars/ProbRetreive?PID=253&_=1420788728551 HTTP/1.1" 200 137
192.168.23.141 - - [08/Jan/2015:23:46:32 -0800] "GET /ToasterWars/ProbSubmit2?pid=251&key=no&UID=127&_=1420788702590 HTTP/1.1" 200 82
192.168.23.141 - - [08/Jan/2015:23:46:38 -0800] "GET /ToasterWars/ProbSubmit2?pid=251&key=Yes&UID=127&_=1420788702591 HTTP/1.1" 200 55
192.168.23.154 - - [08/Jan/2015:23:46:41 -0800] "GET /ToasterWars/ProbSubmit2?pid=253&key=Internet%20Explorer&UID=130&_=1420788728552 HTTP/1.1" 200 82
192.168.23.129 - - [08/Jan/2015:23:46:42 -0800] "GET /ToasterWars/ProbSubmit2?pid=250&key=%20DNS%20&UID=129&_=1420788599040 HTTP/1.1" 200 82
192.168.23.154 - - [08/Jan/2015:23:46:52 -0800] "GET /ToasterWars/ProbSubmit2?pid=253&key=Google%20Chrome&UID=130&_=1420788728553 HTTP/1.1" 200 82
192.168.23.141 - - [08/Jan/2015:23:46:57 -0800] "GET /ToasterWars/ProbRetreive?PID=253&_=1420788702592 HTTP/1.1" 200 137
192.168.23.141 - - [08/Jan/2015:23:47:05 -0800] "GET /ToasterWars/ProbSubmit2?pid=253&key=internet&UID=127&_=1420788702593 HTTP/1.1" 200 82
192.168.23.141 - - [08/Jan/2015:23:47:13 -0800] "GET /ToasterWars/ProbSubmit2?pid=253&key=computer&UID=127&_=1420788702594 HTTP/1.1" 200 82
192.168.23.154 - - [08/Jan/2015:23:47:13 -0800] "GET /ToasterWars/ProbSubmit2?pid=253&key=web&UID=130&_=1420788728554 HTTP/1.1" 200 82
192.168.23.154 - - [08/Jan/2015:23:47:13 -0800] "GET /ToasterWars/ProbSubmit2?pid=253&key=web&UID=130&_=1420788728555 HTTP/1.1" 200 82
192.168.23.141 - - [08/Jan/2015:23:47:19 -0800] "GET /ToasterWars/ProbSubmit2?pid=253&key=google&UID=127&_=1420788702595 HTTP/1.1" 200 82
192.168.23.154 - - [08/Jan/2015:23:47:19 -0800] "GET /ToasterWars/ProbSubmit2?pid=253&key=Web&UID=130&_=1420788728556 HTTP/1.1" 200 82
192.168.23.154 - - [08/Jan/2015:23:47:30 -0800] "GET /ToasterWars/ProbSubmit2?pid=253&key=Browse%20the%20web&UID=130&_=1420788728557 HTTP/1.1" 200 82
192.168.23.129 - - [08/Jan/2015:23:47:36 -0800] "GET /ToasterWars/ProbSubmit2?pid=250&key=%20ipconfig&UID=129&_=1420788599041 HTTP/1.1" 200 82
192.168.23.154 - - [08/Jan/2015:23:47:44 -0800] "GET /ToasterWars/ProbSubmit2?pid=253&key=VPN&UID=130&_=1420788728558 HTTP/1.1" 200 82
192.168.23.129 - - [08/Jan/2015:23:47:49 -0800] "GET /ToasterWars/ProbRetreive?PID=251&_=1420788599042 HTTP/1.1" 200 199
